// Jest Snapshot v1, https://goo.gl/fbAQLP

exports[`Pruebas en Navbar.js debe de mostrarse correctamente  1`] = `
<nav
  className="navbar navbar-expand-sm navbar-dark bg-dark"
>
  <a
    className="navbar-brand"
    onClick={[Function]}
  >
    Asociaciones
  </a>
  <div
    className="navbar-collapse"
  >
    <div
      className="navbar-nav"
    >
      <a
        aria-current={null}
        className="nav-item nav-link"
        onClick={[Function]}
      >
        Marvel
      </a>
      <a
        aria-current={null}
        className="nav-item nav-link"
        onClick={[Function]}
      >
        DC
      </a>
      <a
        aria-current={null}
        className="nav-item nav-link"
        onClick={[Function]}
      >
        Search
      </a>
    </div>
  </div>
  <div
    className="navbar-collapse collapse w-100 order-3 dual-collapse2"
  >
    <ul
      className="navbar-nav ml-auto"
    >
      <span
        className="nav-item nav-link text-info"
      >
        Ivan David
      </span>
      <button
        className="nav-item nav-link btn btn-outline-primary"
        onClick={[Function]}
      >
        <span
          className="text-light"
        >
          Logout
        </span>
      </button>
    </ul>
  </div>
</nav>
`;
